// Jest Snapshot v1, https://goo.gl/fbAQLP

exports[`should not render summary if no expenses exists 1`] = `<div />`;

exports[`should render Expense totals component correctly 1`] = `
<div>
  <h1>
    Viewing 
    2
     
    expenses
     totalling 
    $1,000.00
  </h1>
</div>
`;
