// Jest Snapshot v1, https://goo.gl/fbAQLP

exports[`should render login component 1`] = `
<div>
  <h1>
    Expensify
  </h1>
  <p>
    It's time to get your expenses under control.
  </p>
  <button>
    Login with Google
  </button>
</div>
`;
